Sending build context to Docker daemon  98.58MB
Step 1/11 : FROM node:20-alpine
 ---> 30c8b6e55a5d
Step 2/11 : WORKDIR /app
 ---> Using cache
 ---> 703262745e98
Step 3/11 : ENV NODE_ENV=production
 ---> Using cache
 ---> d3f78859619c
Step 4/11 : COPY package.json package-lock.json* ./
 ---> Using cache
 ---> 279b6b27c52e
Step 5/11 : RUN if [ -f package-lock.json ]; then npm ci; else npm install; fi
 ---> Using cache
 ---> cd06b8863b1d
Step 6/11 : COPY tsconfig.json ./tsconfig.json
 ---> Using cache
 ---> a0eb9e88d96a
Step 7/11 : COPY src ./src
 ---> Using cache
 ---> 85724b8923ec
Step 8/11 : RUN npm run build
 ---> Using cache
 ---> 1505d6184f95
Step 9/11 : ENV PORT=8090
 ---> Using cache
 ---> 92bee05f795e
Step 10/11 : EXPOSE 8090
 ---> Using cache
 ---> 7be3d0cdb6df
Step 11/11 : CMD ["node", "dist/index.js"]
 ---> Using cache
 ---> b6a67e63ec6f
Successfully built b6a67e63ec6f
Successfully tagged nftsol/solana-worker:latest
